// Jest Snapshot v1, https://goo.gl/fbAQLP

exports[`Controller Restaurant deletes and returns a restaurant entity after an id search 1`] = `
Array [
  Object {
    "menu": Object {
      "$elemMatch": Object {
        "_id": 1234,
      },
    },
  },
  Object {
    "$pull": Object {
      "menu": Object {
        "_id": 1234,
      },
    },
  },
]
`;
